// Jest Snapshot v1, https://goo.gl/fbAQLP

exports[`MedicationEntryCardList should render loading animation when entries are null 1`] = `
<div>
  <div
    class="MuiCircularProgress-root MuiCircularProgress-colorPrimary MuiCircularProgress-indeterminate"
    role="progressbar"
    style="width: 40px; height: 40px;"
  >
    <svg
      class="MuiCircularProgress-svg"
      viewBox="22 22 44 44"
    >
      <circle
        class="MuiCircularProgress-circle MuiCircularProgress-circleIndeterminate"
        cx="44"
        cy="44"
        fill="none"
        r="20.2"
        stroke-width="3.6"
      />
    </svg>
  </div>
</div>
`;

exports[`MedicationEntryCardList should render medication card list 1`] = `
<div>
  <ul
    class="MuiList-root MuiList-padding"
  >
    <li
      class="MuiListSubheader-root MuiListSubheader-sticky MuiListSubheader-gutters"
    >
      February 2020
    </li>
    <li
      class="MuiListItem-root MuiListItem-gutters"
    >
      <div>
        mocked MedicationEntryCard
      </div>
    </li>
  </ul>
</div>
`;
