// Jest Snapshot v1, https://goo.gl/fbAQLP

exports[`MedicationEntryCard should render correctly 1`] = `
<div>
  <button
    class="MuiButtonBase-root makeStyles-container-1"
    tabindex="0"
    type="button"
  >
    <div
      class="MuiPaper-root MuiCard-root makeStyles-container-1 MuiPaper-elevation1 MuiPaper-rounded"
    >
      <div
        class="MuiCardContent-root makeStyles-row-4"
      >
        <p
          class="MuiTypography-root makeStyles-header-2 MuiTypography-body1"
        >
          Tu 11
        </p>
        <div
          class="MuiBox-root MuiBox-root-6 makeStyles-medicationsList-5"
        >
          <div>
            mocked
          </div>
          <p
            class="MuiTypography-root MuiTypography-body1 MuiTypography-alignLeft"
          >
            comments
          </p>
        </div>
        <div
          class="MuiBox-root MuiBox-root-7 makeStyles-trailer-3"
        >
          <p
            class="MuiTypography-root MuiTypography-body1"
          >
            01:15
          </p>
          <p
            class="MuiTypography-root MuiTypography-body1"
          >
            75 kg
          </p>
        </div>
      </div>
    </div>
  </button>
</div>
`;
